// Jest Snapshot v1, https://goo.gl/fbAQLP

exports[`Render Button Com : 1`] = `
<View
  accessible={true}
  focusable={true}
  onClick={[Function]}
  onResponderGrant={[Function]}
  onResponderMove={[Function]}
  onResponderRelease={[Function]}
  onResponderTerminate={[Function]}
  onResponderTerminationRequest={[Function]}
  onStartShouldSetResponder={[Function]}
  style={
    Object {
      "alignItems": "center",
      "alignSelf": "center",
      "backgroundColor": "white",
      "borderRadius": 20,
      "height": 40,
      "justifyContent": "center",
      "width": "90%",
    }
  }
>
  <Text
    style={
      Object {
        "color": "black",
        "fontSize": 16,
      }
    }
  >
    NEXT
  </Text>
</View>
`;
